{
  "status": "success",
  "data": {
    "groups": [
      {
        "name": "group3",
        "file": "testdata/rules3.yml",
        "rules": [
          {
            "state": "pending",
            "name": "Alert3",
            "query": "metric4{namespace=\"ns3\"} == 0",
            "duration": 300,
            "keepFiringFor": 0,
            "labels": {},
            "annotations": {},
            "alerts": [
              {
                "labels": {
                  "alertname": "Alert3",
                  "namespace": "ns3"
                },
                "annotations": {},
                "state": "pending",
                "activeAt": "2019-12-18T13:20:39.972915521+01:00",
                "value": "0e+00"
              }
            ],
            "health": "ok",
            "evaluationTime": 0,
            "lastEvaluation": "0001-01-01T00:00:00Z",
            "type": "alerting"
          },
          {
            "state": "firing",
            "name": "Alert4",
            "query": "metric5{namespace=\"ns3\"} == 0",
            "duration": 300,
            "keepFiringFor": 0,
            "labels": {},
            "annotations": {},
            "alerts": [
              {
                "labels": {
                  "alertname": "Alert4",
                  "namespace": "ns3",
                  "state": "foo"
                },
                "annotations": {},
                "state": "pending",
                "activeAt": "2019-12-18T13:20:39.972915521+01:00",
                "value": "0e+00"
              },
              {
                "labels": {
                  "alertname": "Alert1",
                  "namespace": "ns3",
                  "state": "bar"
                },
                "annotations": {},
                "state": "firing",
                "activeAt": "2019-12-18T13:14:39.972915521+01:00",
                "value": "0e+00"
              }
            ],
            "health": "ok",
            "evaluationTime": 0,
            "lastEvaluation": "0001-01-01T00:00:00Z",
            "type": "alerting"
          }
        ],
        "interval": 10
      }
    ]
  }
}